// Jest Snapshot v1, https://goo.gl/fbAQLP

exports[`HomePage component renders a HomePage by default 1`] = `
<Section
  className="HomePage"
>
  <Section>
    <Link
      to="/"
    >
      Music Book Review
    </Link>
  </Section>
  <Section>
    ABOUT
  </Section>
  <Section>
    <h2>
      Instrument select
    </h2>
    <CardList
      instruments={
        Array [
          Object {
            "title": "guitar",
          },
          Object {
            "title": "piano",
          },
          Object {
            "title": "clarinet",
          },
          Object {
            "title": "violin",
          },
        ]
      }
    />
  </Section>
</Section>
`;
