// Jest Snapshot v1, https://goo.gl/fbAQLP

exports[`BookList component renders a BookList by default 1`] = `
<Section>
  <ul
    id="book-list"
  >
    error!
  </ul>
</Section>
`;

exports[`BookList component renders the BookList given props 1`] = `
<Section>
  <ul
    id="book-list"
  >
    <li
      key="0"
    >
      <BookListItem
        author="zi forgot"
        cost={30}
        description="two dogs in a very sad tale"
        id={1}
        image="image"
        instrument="piano"
        numReviews={10}
        published_year={2001}
        rating={4}
        reviews={
          Array [
            Object {
              "id": 1,
              "rating": 3,
              "text": "it was pretty good",
              "user": Object {
                "full_name": "dave bones",
              },
            },
          ]
        }
        title="where the red fern grows"
      />
    </li>
    <li
      key="1"
    >
      <BookListItem
        author="JK Rowling"
        cost={20}
        description="everyone knows it by now"
        id={2}
        image="image"
        instrument="guitar"
        numReviews={3}
        published_year={1990}
        rating={3}
        title="Harry Potter and the Goblet of Fire"
      />
    </li>
    <li
      key="2"
    >
      <BookListItem
        author="JK Rowling"
        cost={15}
        description="not my fav"
        id={3}
        image="image"
        instrument="guitar"
        numReviews={4}
        published_year={1988}
        rating={2}
        title="Harry Potter and the Chamber of Secrets"
      />
    </li>
    <li
      key="3"
    >
      <BookListItem
        author="Sally Reed"
        cost={30}
        description="the best ever"
        id={4}
        image="image"
        instrument="clarinet"
        numReviews={100}
        published_year={2002}
        rating={5}
        title="The Only Way to Learn Clarinet"
      />
    </li>
  </ul>
</Section>
`;
